Link para download do Git: https://git-scm.com/downloads
O Git  Bahs é um terminal extendido para otimizar o uso do Git.

Filipe@Elvas MINGW64 ~/OneDrive/Documentos/DEV/Git/DIO
$ git clone https://github.com/Felipe-Elvas/dio-git-github-desafio-primeiro.git
Cloning into 'dio-git-github-desafio-primeiro'...
remote: Enumerating objects: 9, done.
remote: Counting objects: 100% (9/9), done.
remote: Compressing objects: 100% (6/6), done.
remote: Total 9 (delta 1), reused 0 (delta 0), pack-reused 0
Receiving objects: 100% (9/9), done.
Resolving deltas: 100% (1/1), done.

Filipe@Elvas MINGW64 ~/OneDrive/Documentos/DEV/Git/DIO
$ cd dio-git-github-desafio-primeiro

Filipe@Elvas MINGW64 ~/OneDrive/Documentos/DEV/Git/DIO/dio-git-github-desafio-primeiro (main)
$ cls
bash: cls: command not found

Filipe@Elvas MINGW64 ~/OneDrive/Documentos/DEV/Git/DIO/dio-git-github-desafio-primeiro (main)
$ ls
README.md

Filipe@Elvas MINGW64 ~/OneDrive/Documentos/DEV/Git/DIO/dio-git-github-desafio-primeiro (main)
$

Filipe@Elvas MINGW64 ~/OneDrive/Documentos/DEV/Git/DIO/dio-git-github-desafio-primeiro (main)
$ git status
On branch main
Your branch is up to date with 'origin/main'.

nothing to commit, working tree clean

Filipe@Elvas MINGW64 ~/OneDrive/Documentos/DEV/Git/DIO/dio-git-github-desafio-primeiro (main)
$ git status
On branch main
Your branch is up to date with 'origin/main'.

Untracked files:
  (use "git add <file>..." to include in what will be committed)
        "Introdu\303\247\303\243o ao Git e ao GitHub/"

nothing added to commit but untracked files present (use "git add" to track)

Filipe@Elvas MINGW64 ~/OneDrive/Documentos/DEV/Git/DIO/dio-git-github-desafio-primeiro (main)
$ git add .

Filipe@Elvas MINGW64 ~/OneDrive/Documentos/DEV/Git/DIO/dio-git-github-desafio-primeiro (main)
$ git status
On branch main
Your branch is up to date with 'origin/main'.

Changes to be committed:
  (use "git restore --staged <file>..." to unstage)
        new file:   "Introdu\303\247\303\243o ao Git e ao GitHub/Anota\303\247\303\265es.txt"


Filipe@Elvas MINGW64 ~/OneDrive/Documentos/DEV/Git/DIO/dio-git-github-desafio-primeiro (main)
$ git commit -m "Inclusão das anotações do curso de git/github"
[main e3365be] Inclusão das anotações do curso de git/github
 1 file changed, 2 insertions(+)
 create mode 100644 "Introdu\303\247\303\243o ao Git e ao GitHub/Anota\303\247\303\265es.txt"

Filipe@Elvas MINGW64 ~/OneDrive/Documentos/DEV/Git/DIO/dio-git-github-desafio-primeiro (main)
$ git status
On branch main
Your branch is ahead of 'origin/main' by 1 commit.
  (use "git push" to publish your local commits)

nothing to commit, working tree clean

Filipe@Elvas MINGW64 ~/OneDrive/Documentos/DEV/Git/DIO/dio-git-github-desafio-primeiro (main)
$ git push origin main
Enumerating objects: 5, done.
Counting objects: 100% (5/5), done.
Delta compression using up to 4 threads
Compressing objects: 100% (3/3), done.
Writing objects: 100% (4/4), 487 bytes | 162.00 KiB/s, done.
Total 4 (delta 0), reused 0 (delta 0), pack-reused 0
To https://github.com/Felipe-Elvas/dio-git-github-desafio-primeiro.git
   bd0487c..e3365be  main -> main

Filipe@Elvas MINGW64 ~/OneDrive/Documentos/DEV/Git/DIO/dio-git-github-desafio-primeiro (main)
$
